// Jest Snapshot v1, https://goo.gl/fbAQLP

exports[`should render ExpenseList with NO expenses 1`] = `
<div>
  <p>
    No expenses.
  </p>
</div>
`;

exports[`should render ExpenseList with expenses 1`] = `
<div>
  <ExpenseListItem
    amount={20000}
    createdAt={-345600000}
    description="Rent"
    id="1"
    key="1"
    note=""
  />
  <ExpenseListItem
    amount={5100}
    createdAt={0}
    description="Car fuel"
    id="2"
    key="2"
    note=""
  />
  <ExpenseListItem
    amount={2950}
    createdAt={345600000}
    description="Lunch"
    id="3"
    key="3"
    note=""
  />
</div>
`;
