// Jest Snapshot v1, https://goo.gl/fbAQLP

exports[`should render ExpenseListItem for provided expense 1`] = `
<div>
  <Link
    replace={false}
    to="/edit/1"
  >
    <h3>
      Rent
    </h3>
  </Link>
  <p>
    20000
     - 
    -345600000
  </p>
  <hr />
</div>
`;
