// Jest Snapshot v1, https://goo.gl/fbAQLP

exports[`should render NotFoundPage 1`] = `
<div>
  <h1>
    404: Page Not Found - 
    <Link
      replace={false}
      to="/"
    >
      Go to Dashboard
    </Link>
  </h1>
</div>
`;
